   1               		.file	"main.c"
   2               	__SP_H__ = 0x3e
   3               	__SP_L__ = 0x3d
   4               	__SREG__ = 0x3f
   5               	__tmp_reg__ = 0
   6               	__zero_reg__ = 1
   9               		.text
  10               	.Ltext0:
  88               		.section	.rodata.str1.1,"aMS",@progbits,1
  89               	.LC0:
  90 0000 5072 6573 		.string	"Press Enter to continue\r\n"
  90      7320 456E 
  90      7465 7220 
  90      746F 2063 
  90      6F6E 7469 
  91               	.LC1:
  92 001a 2564 00   		.string	"%d"
  93               	.LC2:
  94 001d 0D0A 00   		.string	"\r\n"
  95               		.section	.text.startup,"ax",@progbits
  97               	.global	main
  99               	main:
 100               		.stabd	46,0,0
   1:main.c        **** #define MCU 'atmega328'
   2:main.c        **** #define F_CPU 1000000UL
   3:main.c        **** 
   4:main.c        **** #include <avr/io.h>
   5:main.c        **** #include <avr/interrupt.h>
   6:main.c        **** #include <util/delay.h>
   7:main.c        **** #include "include/easy_atmega328p.h"
   8:main.c        **** #include "include/USART.h"
   9:main.c        **** #include <stdio.h>
  10:main.c        **** #include <stdlib.h>
  11:main.c        **** 
  12:main.c        **** static inline void initADC0(void) {
  13:main.c        ****   ADMUX |= (1 << REFS0);                // reference voltage on AVCC
  14:main.c        ****   ADCSRA |= (1 << ADPS2);               // ADC clock prescaler /16
  15:main.c        ****   ADCSRA |= (1 << ADEN);                // enable ADC
  16:main.c        **** }
  17:main.c        **** 
  18:main.c        **** int main(void)
  19:main.c        **** {
 102               	.LM0:
 103               	.LFBB1:
 104 0000 CF93      		push r28
 105 0002 DF93      		push r29
 106 0004 CDB7      		in r28,__SP_L__
 107 0006 DEB7      		in r29,__SP_H__
 108 0008 AF97      		sbiw r28,47
 109 000a 0FB6      		in __tmp_reg__,__SREG__
 110 000c F894      		cli
 111 000e DEBF      		out __SP_H__,r29
 112 0010 0FBE      		out __SREG__,__tmp_reg__
 113 0012 CDBF      		out __SP_L__,r28
 114               	/* prologue: function */
 115               	/* frame size = 47 */
 116               	/* stack size = 49 */
 117               	.L__stack_usage = 49
  20:main.c        ****   //init USART serial connection
  21:main.c        ****   initUSART();
 119               	.LM1:
 120 0014 0E94 0000 		call initUSART
 121               	.LBB10:
 122               	.LBB11:
 124               	.Ltext1:
   1:/usr/lib/gcc/avr/4.7.2/../../../avr/include/util/delay.h **** /* Copyright (c) 2002, Marek Michalkiewicz
   2:/usr/lib/gcc/avr/4.7.2/../../../avr/include/util/delay.h ****    Copyright (c) 2004,2005,2007 Joerg Wunsch
   3:/usr/lib/gcc/avr/4.7.2/../../../avr/include/util/delay.h ****    Copyright (c) 2007  Florin-Viorel Petrov
   4:/usr/lib/gcc/avr/4.7.2/../../../avr/include/util/delay.h ****    All rights reserved.
   5:/usr/lib/gcc/avr/4.7.2/../../../avr/include/util/delay.h **** 
   6:/usr/lib/gcc/avr/4.7.2/../../../avr/include/util/delay.h ****    Redistribution and use in source and binary forms, with or without
   7:/usr/lib/gcc/avr/4.7.2/../../../avr/include/util/delay.h ****    modification, are permitted provided that the following conditions are met:
   8:/usr/lib/gcc/avr/4.7.2/../../../avr/include/util/delay.h **** 
   9:/usr/lib/gcc/avr/4.7.2/../../../avr/include/util/delay.h ****    * Redistributions of source code must retain the above copyright
  10:/usr/lib/gcc/avr/4.7.2/../../../avr/include/util/delay.h ****      notice, this list of conditions and the following disclaimer.
  11:/usr/lib/gcc/avr/4.7.2/../../../avr/include/util/delay.h **** 
  12:/usr/lib/gcc/avr/4.7.2/../../../avr/include/util/delay.h ****    * Redistributions in binary form must reproduce the above copyright
  13:/usr/lib/gcc/avr/4.7.2/../../../avr/include/util/delay.h ****      notice, this list of conditions and the following disclaimer in
  14:/usr/lib/gcc/avr/4.7.2/../../../avr/include/util/delay.h ****      the documentation and/or other materials provided with the
  15:/usr/lib/gcc/avr/4.7.2/../../../avr/include/util/delay.h ****      distribution.
  16:/usr/lib/gcc/avr/4.7.2/../../../avr/include/util/delay.h **** 
  17:/usr/lib/gcc/avr/4.7.2/../../../avr/include/util/delay.h ****    * Neither the name of the copyright holders nor the names of
  18:/usr/lib/gcc/avr/4.7.2/../../../avr/include/util/delay.h ****      contributors may be used to endorse or promote products derived
  19:/usr/lib/gcc/avr/4.7.2/../../../avr/include/util/delay.h ****      from this software without specific prior written permission.
  20:/usr/lib/gcc/avr/4.7.2/../../../avr/include/util/delay.h **** 
  21:/usr/lib/gcc/avr/4.7.2/../../../avr/include/util/delay.h ****   THIS SOFTWARE IS PROVIDED BY THE COPYRIGHT HOLDERS AND CONTRIBUTORS "AS IS"
  22:/usr/lib/gcc/avr/4.7.2/../../../avr/include/util/delay.h ****   AND ANY EXPRESS OR IMPLIED WARRANTIES, INCLUDING, BUT NOT LIMITED TO, THE
  23:/usr/lib/gcc/avr/4.7.2/../../../avr/include/util/delay.h ****   IMPLIED WARRANTIES OF MERCHANTABILITY AND FITNESS FOR A PARTICULAR PURPOSE
  24:/usr/lib/gcc/avr/4.7.2/../../../avr/include/util/delay.h ****   ARE DISCLAIMED. IN NO EVENT SHALL THE COPYRIGHT OWNER OR CONTRIBUTORS BE
  25:/usr/lib/gcc/avr/4.7.2/../../../avr/include/util/delay.h ****   LIABLE FOR ANY DIRECT, INDIRECT, INCIDENTAL, SPECIAL, EXEMPLARY, OR
  26:/usr/lib/gcc/avr/4.7.2/../../../avr/include/util/delay.h ****   CONSEQUENTIAL DAMAGES (INCLUDING, BUT NOT LIMITED TO, PROCUREMENT OF
  27:/usr/lib/gcc/avr/4.7.2/../../../avr/include/util/delay.h ****   SUBSTITUTE GOODS OR SERVICES; LOSS OF USE, DATA, OR PROFITS; OR BUSINESS
  28:/usr/lib/gcc/avr/4.7.2/../../../avr/include/util/delay.h ****   INTERRUPTION) HOWEVER CAUSED AND ON ANY THEORY OF LIABILITY, WHETHER IN
  29:/usr/lib/gcc/avr/4.7.2/../../../avr/include/util/delay.h ****   CONTRACT, STRICT LIABILITY, OR TORT (INCLUDING NEGLIGENCE OR OTHERWISE)
  30:/usr/lib/gcc/avr/4.7.2/../../../avr/include/util/delay.h ****   ARISING IN ANY WAY OUT OF THE USE OF THIS SOFTWARE, EVEN IF ADVISED OF THE
  31:/usr/lib/gcc/avr/4.7.2/../../../avr/include/util/delay.h ****   POSSIBILITY OF SUCH DAMAGE. */
  32:/usr/lib/gcc/avr/4.7.2/../../../avr/include/util/delay.h **** 
  33:/usr/lib/gcc/avr/4.7.2/../../../avr/include/util/delay.h **** /* $Id: delay.h.in 2251 2011-09-14 08:20:33Z joerg_wunsch $ */
  34:/usr/lib/gcc/avr/4.7.2/../../../avr/include/util/delay.h **** 
  35:/usr/lib/gcc/avr/4.7.2/../../../avr/include/util/delay.h **** #ifndef _UTIL_DELAY_H_
  36:/usr/lib/gcc/avr/4.7.2/../../../avr/include/util/delay.h **** #define _UTIL_DELAY_H_ 1
  37:/usr/lib/gcc/avr/4.7.2/../../../avr/include/util/delay.h **** 
  38:/usr/lib/gcc/avr/4.7.2/../../../avr/include/util/delay.h **** #ifndef __HAS_DELAY_CYCLES
  39:/usr/lib/gcc/avr/4.7.2/../../../avr/include/util/delay.h **** #define __HAS_DELAY_CYCLES 1
  40:/usr/lib/gcc/avr/4.7.2/../../../avr/include/util/delay.h **** #endif
  41:/usr/lib/gcc/avr/4.7.2/../../../avr/include/util/delay.h **** 
  42:/usr/lib/gcc/avr/4.7.2/../../../avr/include/util/delay.h **** #include <inttypes.h>
  43:/usr/lib/gcc/avr/4.7.2/../../../avr/include/util/delay.h **** #include <util/delay_basic.h>
  44:/usr/lib/gcc/avr/4.7.2/../../../avr/include/util/delay.h **** #include <math.h>
  45:/usr/lib/gcc/avr/4.7.2/../../../avr/include/util/delay.h **** 
  46:/usr/lib/gcc/avr/4.7.2/../../../avr/include/util/delay.h **** /** \file */
  47:/usr/lib/gcc/avr/4.7.2/../../../avr/include/util/delay.h **** /** \defgroup util_delay <util/delay.h>: Convenience functions for busy-wait delay loops
  48:/usr/lib/gcc/avr/4.7.2/../../../avr/include/util/delay.h ****     \code
  49:/usr/lib/gcc/avr/4.7.2/../../../avr/include/util/delay.h ****     #define F_CPU 1000000UL  // 1 MHz
  50:/usr/lib/gcc/avr/4.7.2/../../../avr/include/util/delay.h ****     //#define F_CPU 14.7456E6
  51:/usr/lib/gcc/avr/4.7.2/../../../avr/include/util/delay.h ****     #include <util/delay.h>
  52:/usr/lib/gcc/avr/4.7.2/../../../avr/include/util/delay.h ****     \endcode
  53:/usr/lib/gcc/avr/4.7.2/../../../avr/include/util/delay.h **** 
  54:/usr/lib/gcc/avr/4.7.2/../../../avr/include/util/delay.h ****     \note As an alternative method, it is possible to pass the
  55:/usr/lib/gcc/avr/4.7.2/../../../avr/include/util/delay.h ****     F_CPU macro down to the compiler from the Makefile.
  56:/usr/lib/gcc/avr/4.7.2/../../../avr/include/util/delay.h ****     Obviously, in that case, no \c \#define statement should be
  57:/usr/lib/gcc/avr/4.7.2/../../../avr/include/util/delay.h ****     used.
  58:/usr/lib/gcc/avr/4.7.2/../../../avr/include/util/delay.h **** 
  59:/usr/lib/gcc/avr/4.7.2/../../../avr/include/util/delay.h ****     The functions in this header file are wrappers around the basic
  60:/usr/lib/gcc/avr/4.7.2/../../../avr/include/util/delay.h ****     busy-wait functions from <util/delay_basic.h>.  They are meant as
  61:/usr/lib/gcc/avr/4.7.2/../../../avr/include/util/delay.h ****     convenience functions where actual time values can be specified
  62:/usr/lib/gcc/avr/4.7.2/../../../avr/include/util/delay.h ****     rather than a number of cycles to wait for.  The idea behind is
  63:/usr/lib/gcc/avr/4.7.2/../../../avr/include/util/delay.h ****     that compile-time constant expressions will be eliminated by
  64:/usr/lib/gcc/avr/4.7.2/../../../avr/include/util/delay.h ****     compiler optimization so floating-point expressions can be used
  65:/usr/lib/gcc/avr/4.7.2/../../../avr/include/util/delay.h ****     to calculate the number of delay cycles needed based on the CPU
  66:/usr/lib/gcc/avr/4.7.2/../../../avr/include/util/delay.h ****     frequency passed by the macro F_CPU.
  67:/usr/lib/gcc/avr/4.7.2/../../../avr/include/util/delay.h **** 
  68:/usr/lib/gcc/avr/4.7.2/../../../avr/include/util/delay.h ****     \note In order for these functions to work as intended, compiler
  69:/usr/lib/gcc/avr/4.7.2/../../../avr/include/util/delay.h ****     optimizations <em>must</em> be enabled, and the delay time
  70:/usr/lib/gcc/avr/4.7.2/../../../avr/include/util/delay.h ****     <em>must</em> be an expression that is a known constant at
  71:/usr/lib/gcc/avr/4.7.2/../../../avr/include/util/delay.h ****     compile-time.  If these requirements are not met, the resulting
  72:/usr/lib/gcc/avr/4.7.2/../../../avr/include/util/delay.h ****     delay will be much longer (and basically unpredictable), and
  73:/usr/lib/gcc/avr/4.7.2/../../../avr/include/util/delay.h ****     applications that otherwise do not use floating-point calculations
  74:/usr/lib/gcc/avr/4.7.2/../../../avr/include/util/delay.h ****     will experience severe code bloat by the floating-point library
  75:/usr/lib/gcc/avr/4.7.2/../../../avr/include/util/delay.h ****     routines linked into the application.
  76:/usr/lib/gcc/avr/4.7.2/../../../avr/include/util/delay.h **** 
  77:/usr/lib/gcc/avr/4.7.2/../../../avr/include/util/delay.h ****     The functions available allow the specification of microsecond, and
  78:/usr/lib/gcc/avr/4.7.2/../../../avr/include/util/delay.h ****     millisecond delays directly, using the application-supplied macro
  79:/usr/lib/gcc/avr/4.7.2/../../../avr/include/util/delay.h ****     F_CPU as the CPU clock frequency (in Hertz).
  80:/usr/lib/gcc/avr/4.7.2/../../../avr/include/util/delay.h **** 
  81:/usr/lib/gcc/avr/4.7.2/../../../avr/include/util/delay.h **** */
  82:/usr/lib/gcc/avr/4.7.2/../../../avr/include/util/delay.h **** 
  83:/usr/lib/gcc/avr/4.7.2/../../../avr/include/util/delay.h **** #if !defined(__DOXYGEN__)
  84:/usr/lib/gcc/avr/4.7.2/../../../avr/include/util/delay.h **** static inline void _delay_us(double __us) __attribute__((always_inline));
  85:/usr/lib/gcc/avr/4.7.2/../../../avr/include/util/delay.h **** static inline void _delay_ms(double __ms) __attribute__((always_inline));
  86:/usr/lib/gcc/avr/4.7.2/../../../avr/include/util/delay.h **** #endif
  87:/usr/lib/gcc/avr/4.7.2/../../../avr/include/util/delay.h **** 
  88:/usr/lib/gcc/avr/4.7.2/../../../avr/include/util/delay.h **** #ifndef F_CPU
  89:/usr/lib/gcc/avr/4.7.2/../../../avr/include/util/delay.h **** /* prevent compiler error by supplying a default */
  90:/usr/lib/gcc/avr/4.7.2/../../../avr/include/util/delay.h **** # warning "F_CPU not defined for <util/delay.h>"
  91:/usr/lib/gcc/avr/4.7.2/../../../avr/include/util/delay.h **** # define F_CPU 1000000UL
  92:/usr/lib/gcc/avr/4.7.2/../../../avr/include/util/delay.h **** #endif
  93:/usr/lib/gcc/avr/4.7.2/../../../avr/include/util/delay.h **** 
  94:/usr/lib/gcc/avr/4.7.2/../../../avr/include/util/delay.h **** #ifndef __OPTIMIZE__
  95:/usr/lib/gcc/avr/4.7.2/../../../avr/include/util/delay.h **** # warning "Compiler optimizations disabled; functions from <util/delay.h> won't work as designed"
  96:/usr/lib/gcc/avr/4.7.2/../../../avr/include/util/delay.h **** #endif
  97:/usr/lib/gcc/avr/4.7.2/../../../avr/include/util/delay.h **** 
  98:/usr/lib/gcc/avr/4.7.2/../../../avr/include/util/delay.h **** #if __HAS_DELAY_CYCLES && defined(__OPTIMIZE__) && \
  99:/usr/lib/gcc/avr/4.7.2/../../../avr/include/util/delay.h ****   !defined(__DELAY_BACKWARD_COMPATIBLE__) &&	   \
 100:/usr/lib/gcc/avr/4.7.2/../../../avr/include/util/delay.h ****   __STDC_HOSTED__
 101:/usr/lib/gcc/avr/4.7.2/../../../avr/include/util/delay.h **** #  include <math.h>
 102:/usr/lib/gcc/avr/4.7.2/../../../avr/include/util/delay.h **** #endif
 103:/usr/lib/gcc/avr/4.7.2/../../../avr/include/util/delay.h **** 
 104:/usr/lib/gcc/avr/4.7.2/../../../avr/include/util/delay.h **** /**
 105:/usr/lib/gcc/avr/4.7.2/../../../avr/include/util/delay.h ****    \ingroup util_delay
 106:/usr/lib/gcc/avr/4.7.2/../../../avr/include/util/delay.h **** 
 107:/usr/lib/gcc/avr/4.7.2/../../../avr/include/util/delay.h ****    Perform a delay of \c __ms milliseconds, using _delay_loop_2().
 108:/usr/lib/gcc/avr/4.7.2/../../../avr/include/util/delay.h **** 
 109:/usr/lib/gcc/avr/4.7.2/../../../avr/include/util/delay.h ****    The macro F_CPU is supposed to be defined to a
 110:/usr/lib/gcc/avr/4.7.2/../../../avr/include/util/delay.h ****    constant defining the CPU clock frequency (in Hertz).
 111:/usr/lib/gcc/avr/4.7.2/../../../avr/include/util/delay.h **** 
 112:/usr/lib/gcc/avr/4.7.2/../../../avr/include/util/delay.h ****    The maximal possible delay is 262.14 ms / F_CPU in MHz.
 113:/usr/lib/gcc/avr/4.7.2/../../../avr/include/util/delay.h **** 
 114:/usr/lib/gcc/avr/4.7.2/../../../avr/include/util/delay.h ****    When the user request delay which exceed the maximum possible one,
 115:/usr/lib/gcc/avr/4.7.2/../../../avr/include/util/delay.h ****    _delay_ms() provides a decreased resolution functionality. In this
 116:/usr/lib/gcc/avr/4.7.2/../../../avr/include/util/delay.h ****    mode _delay_ms() will work with a resolution of 1/10 ms, providing
 117:/usr/lib/gcc/avr/4.7.2/../../../avr/include/util/delay.h ****    delays up to 6.5535 seconds (independent from CPU frequency).  The
 118:/usr/lib/gcc/avr/4.7.2/../../../avr/include/util/delay.h ****    user will not be informed about decreased resolution.
 119:/usr/lib/gcc/avr/4.7.2/../../../avr/include/util/delay.h **** 
 120:/usr/lib/gcc/avr/4.7.2/../../../avr/include/util/delay.h ****    If the avr-gcc toolchain has __builtin_avr_delay_cycles(unsigned long)
 121:/usr/lib/gcc/avr/4.7.2/../../../avr/include/util/delay.h ****    support, maximal possible delay is 4294967.295 ms/ F_CPU in MHz. For
 122:/usr/lib/gcc/avr/4.7.2/../../../avr/include/util/delay.h ****    values greater than the maximal possible delay, overflows results in
 123:/usr/lib/gcc/avr/4.7.2/../../../avr/include/util/delay.h ****    no delay i.e., 0ms.
 124:/usr/lib/gcc/avr/4.7.2/../../../avr/include/util/delay.h **** 
 125:/usr/lib/gcc/avr/4.7.2/../../../avr/include/util/delay.h ****    Conversion of __us into clock cycles may not always result in integer.
 126:/usr/lib/gcc/avr/4.7.2/../../../avr/include/util/delay.h ****    By default, the clock cycles rounded up to next integer. This ensures that
 127:/usr/lib/gcc/avr/4.7.2/../../../avr/include/util/delay.h ****    the user gets atleast __us microseconds of delay.
 128:/usr/lib/gcc/avr/4.7.2/../../../avr/include/util/delay.h **** 
 129:/usr/lib/gcc/avr/4.7.2/../../../avr/include/util/delay.h ****    Alternatively, user can define __DELAY_ROUND_DOWN__ and __DELAY_ROUND_CLOSEST__
 130:/usr/lib/gcc/avr/4.7.2/../../../avr/include/util/delay.h ****    to round down and round to closest integer.
 131:/usr/lib/gcc/avr/4.7.2/../../../avr/include/util/delay.h **** 
 132:/usr/lib/gcc/avr/4.7.2/../../../avr/include/util/delay.h ****    Note: The new implementation of _delay_ms(double __ms) with 
 133:/usr/lib/gcc/avr/4.7.2/../../../avr/include/util/delay.h ****     __builtin_avr_delay_cycles(unsigned long) support is not backward compatible. 
 134:/usr/lib/gcc/avr/4.7.2/../../../avr/include/util/delay.h ****    User can define __DELAY_BACKWARD_COMPATIBLE__ to get a backward compatible delay.
 135:/usr/lib/gcc/avr/4.7.2/../../../avr/include/util/delay.h ****    Also, the backward compatible
 136:/usr/lib/gcc/avr/4.7.2/../../../avr/include/util/delay.h ****    algorithm will be chosen if the code is compiled in a <em>freestanding
 137:/usr/lib/gcc/avr/4.7.2/../../../avr/include/util/delay.h ****    environment</em> (GCC option \c -ffreestanding), as the math functions
 138:/usr/lib/gcc/avr/4.7.2/../../../avr/include/util/delay.h ****    required for rounding are not available to the compiler then.
 139:/usr/lib/gcc/avr/4.7.2/../../../avr/include/util/delay.h **** 
 140:/usr/lib/gcc/avr/4.7.2/../../../avr/include/util/delay.h ****  */
 141:/usr/lib/gcc/avr/4.7.2/../../../avr/include/util/delay.h **** void
 142:/usr/lib/gcc/avr/4.7.2/../../../avr/include/util/delay.h **** _delay_ms(double __ms)
 143:/usr/lib/gcc/avr/4.7.2/../../../avr/include/util/delay.h **** {
 144:/usr/lib/gcc/avr/4.7.2/../../../avr/include/util/delay.h **** 	uint16_t __ticks;
 145:/usr/lib/gcc/avr/4.7.2/../../../avr/include/util/delay.h **** 	double __tmp ; 
 146:/usr/lib/gcc/avr/4.7.2/../../../avr/include/util/delay.h **** #if __HAS_DELAY_CYCLES && defined(__OPTIMIZE__) && \
 147:/usr/lib/gcc/avr/4.7.2/../../../avr/include/util/delay.h ****   !defined(__DELAY_BACKWARD_COMPATIBLE__) &&	   \
 148:/usr/lib/gcc/avr/4.7.2/../../../avr/include/util/delay.h ****   __STDC_HOSTED__
 149:/usr/lib/gcc/avr/4.7.2/../../../avr/include/util/delay.h **** 	uint32_t __ticks_dc;
 150:/usr/lib/gcc/avr/4.7.2/../../../avr/include/util/delay.h **** 	extern void __builtin_avr_delay_cycles(unsigned long);
 151:/usr/lib/gcc/avr/4.7.2/../../../avr/include/util/delay.h **** 	__tmp = ((F_CPU) / 1e3) * __ms;
 152:/usr/lib/gcc/avr/4.7.2/../../../avr/include/util/delay.h **** 
 153:/usr/lib/gcc/avr/4.7.2/../../../avr/include/util/delay.h **** 	#if defined(__DELAY_ROUND_DOWN__)
 154:/usr/lib/gcc/avr/4.7.2/../../../avr/include/util/delay.h **** 		__ticks_dc = (uint32_t)fabs(__tmp);
 155:/usr/lib/gcc/avr/4.7.2/../../../avr/include/util/delay.h **** 
 156:/usr/lib/gcc/avr/4.7.2/../../../avr/include/util/delay.h **** 	#elif defined(__DELAY_ROUND_CLOSEST__)
 157:/usr/lib/gcc/avr/4.7.2/../../../avr/include/util/delay.h **** 		__ticks_dc = (uint32_t)(fabs(__tmp)+0.5);
 158:/usr/lib/gcc/avr/4.7.2/../../../avr/include/util/delay.h **** 
 159:/usr/lib/gcc/avr/4.7.2/../../../avr/include/util/delay.h **** 	#else
 160:/usr/lib/gcc/avr/4.7.2/../../../avr/include/util/delay.h **** 		//round up by default
 161:/usr/lib/gcc/avr/4.7.2/../../../avr/include/util/delay.h **** 		__ticks_dc = (uint32_t)(ceil(fabs(__tmp)));
 162:/usr/lib/gcc/avr/4.7.2/../../../avr/include/util/delay.h **** 	#endif
 163:/usr/lib/gcc/avr/4.7.2/../../../avr/include/util/delay.h **** 
 164:/usr/lib/gcc/avr/4.7.2/../../../avr/include/util/delay.h **** 	__builtin_avr_delay_cycles(__ticks_dc);
 126               	.LM2:
 127 0018 2FE7      		ldi r18,lo8(399999)
 128 001a 8AE1      		ldi r24,hi8(399999)
 129 001c 96E0      		ldi r25,hlo8(399999)
 130 001e 2150      		1: subi r18,1
 131 0020 8040      		sbci r24,0
 132 0022 9040      		sbci r25,0
 133 0024 01F4      		brne 1b
 134 0026 00C0      		rjmp .
 135 0028 0000      		nop
 136               	.LBE11:
 137               	.LBE10:
 139               	.Ltext2:
  22:main.c        ****   _delay_ms(2000);
  23:main.c        ****   printString("Press Enter to continue\r\n");
 141               	.LM3:
 142 002a 80E0      		ldi r24,lo8(.LC0)
 143 002c 90E0      		ldi r25,hi8(.LC0)
 144 002e 0E94 0000 		call printString
  24:main.c        ****   char null_string[32];
  25:main.c        ****   readString(null_string, 32);
 146               	.LM4:
 147 0032 60E2      		ldi r22,lo8(32)
 148 0034 CE01      		movw r24,r28
 149 0036 0196      		adiw r24,1
 150 0038 0E94 0000 		call readString
 151               	.LBB12:
 152               	.LBB13:
  13:main.c        ****   ADMUX |= (1 << REFS0);                // reference voltage on AVCC
 154               	.LM5:
 155 003c 8091 7C00 		lds r24,124
 156 0040 8064      		ori r24,lo8(64)
 157 0042 8093 7C00 		sts 124,r24
  14:main.c        ****   ADCSRA |= (1 << ADPS2);               // ADC clock prescaler /16
 159               	.LM6:
 160 0046 8091 7A00 		lds r24,122
 161 004a 8460      		ori r24,lo8(4)
 162 004c 8093 7A00 		sts 122,r24
  15:main.c        ****   ADCSRA |= (1 << ADEN);                // enable ADC
 164               	.LM7:
 165 0050 8091 7A00 		lds r24,122
 166 0054 8068      		ori r24,lo8(-128)
 167 0056 8093 7A00 		sts 122,r24
 168               	.LBE13:
 169               	.LBE12:
 170               	.LBB14:
  26:main.c        ****   
  27:main.c        ****   //init ADC
  28:main.c        ****   initADC0();
  29:main.c        ****   uint16_t adcValue;
  30:main.c        **** 
  31:main.c        ****   while(1) { 
  32:main.c        ****     
  33:main.c        ****     ADCSRA |= (1 << ADSC);                     // start ADC conversion
  34:main.c        ****     loop_until_bit_is_clear(ADCSRA, ADSC);     // wait until done
  35:main.c        ****     adcValue = ADC;
  36:main.c        ****     
  37:main.c        ****     char adcString[15];
  38:main.c        ****     sprintf(adcString, "%d", adcValue);
 172               	.LM8:
 173 005a 80E0      		ldi r24,lo8(.LC1)
 174 005c E82E      		mov r14,r24
 175 005e 80E0      		ldi r24,hi8(.LC1)
 176 0060 F82E      		mov r15,r24
 177 0062 8E01      		movw r16,r28
 178 0064 0F5D      		subi r16,-33
 179 0066 1F4F      		sbci r17,-1
 180               	.L3:
  33:main.c        ****     ADCSRA |= (1 << ADSC);                     // start ADC conversion
 182               	.LM9:
 183 0068 8091 7A00 		lds r24,122
 184 006c 8064      		ori r24,lo8(64)
 185 006e 8093 7A00 		sts 122,r24
 186               	.L2:
  34:main.c        ****     loop_until_bit_is_clear(ADCSRA, ADSC);     // wait until done
 188               	.LM10:
 189 0072 8091 7A00 		lds r24,122
 190 0076 86FD      		sbrc r24,6
 191 0078 00C0      		rjmp .L2
  35:main.c        ****     adcValue = ADC;
 193               	.LM11:
 194 007a 8091 7800 		lds r24,120
 195 007e 9091 7900 		lds r25,120+1
 197               	.LM12:
 198 0082 9F93      		push r25
 199 0084 8F93      		push r24
 200 0086 FF92      		push r15
 201 0088 EF92      		push r14
 202 008a 1F93      		push r17
 203 008c 0F93      		push r16
 204 008e 0E94 0000 		call sprintf
  39:main.c        ****     
  40:main.c        ****     printString(adcString);
 206               	.LM13:
 207 0092 C801      		movw r24,r16
 208 0094 0E94 0000 		call printString
  41:main.c        ****     printString("\r\n");
 210               	.LM14:
 211 0098 80E0      		ldi r24,lo8(.LC2)
 212 009a 90E0      		ldi r25,hi8(.LC2)
 213 009c 0E94 0000 		call printString
 214               	.LBE14:
  42:main.c        ****     
  43:main.c        ****     
  44:main.c        ****  }
 216               	.LM15:
 217 00a0 0F90      		pop __tmp_reg__
 218 00a2 0F90      		pop __tmp_reg__
 219 00a4 0F90      		pop __tmp_reg__
 220 00a6 0F90      		pop __tmp_reg__
 221 00a8 0F90      		pop __tmp_reg__
 222 00aa 0F90      		pop __tmp_reg__
 223 00ac 00C0      		rjmp .L3
 232               	.Lscope1:
 234               		.stabd	78,0,0
 235               		.text
 237               	.Letext0:
 238               		.ident	"GCC: (GNU) 4.7.2"
 239               	.global __do_copy_data
DEFINED SYMBOLS
                            *ABS*:0000000000000000 main.c
     /tmp/ccWZtG2o.s:2      *ABS*:000000000000003e __SP_H__
     /tmp/ccWZtG2o.s:3      *ABS*:000000000000003d __SP_L__
     /tmp/ccWZtG2o.s:4      *ABS*:000000000000003f __SREG__
     /tmp/ccWZtG2o.s:5      *ABS*:0000000000000000 __tmp_reg__
     /tmp/ccWZtG2o.s:6      *ABS*:0000000000000001 __zero_reg__
     /tmp/ccWZtG2o.s:99     .text.startup:0000000000000000 main

UNDEFINED SYMBOLS
initUSART
printString
readString
sprintf
__do_copy_data
