Archive member included because of file (symbol)

/usr/lib/gcc/avr/4.8.2/../../../avr/lib/avr25/libm.a(cmpsf2.o)
                              main.o (__ltsf2)
/usr/lib/gcc/avr/4.8.2/../../../avr/lib/avr25/libm.a(divsf3.o)
                              main.o (__divsf3)
/usr/lib/gcc/avr/4.8.2/../../../avr/lib/avr25/libm.a(divsf3x.o)
                              /usr/lib/gcc/avr/4.8.2/../../../avr/lib/avr25/libm.a(divsf3.o) (__divsf3x)
/usr/lib/gcc/avr/4.8.2/../../../avr/lib/avr25/libm.a(fixsfsi.o)
                              main.o (__fixsfsi)
/usr/lib/gcc/avr/4.8.2/../../../avr/lib/avr25/libm.a(fixunssfsi.o)
                              main.o (__fixunssfsi)
/usr/lib/gcc/avr/4.8.2/../../../avr/lib/avr25/libm.a(floatsisf.o)
                              main.o (__floatunsisf)
/usr/lib/gcc/avr/4.8.2/../../../avr/lib/avr25/libm.a(fp_cmp.o)
                              /usr/lib/gcc/avr/4.8.2/../../../avr/lib/avr25/libm.a(cmpsf2.o) (__fp_cmp)
/usr/lib/gcc/avr/4.8.2/../../../avr/lib/avr25/libm.a(fp_inf.o)
                              /usr/lib/gcc/avr/4.8.2/../../../avr/lib/avr25/libm.a(divsf3x.o) (__fp_inf)
/usr/lib/gcc/avr/4.8.2/../../../avr/lib/avr25/libm.a(fp_nan.o)
                              /usr/lib/gcc/avr/4.8.2/../../../avr/lib/avr25/libm.a(divsf3x.o) (__fp_nan)
/usr/lib/gcc/avr/4.8.2/../../../avr/lib/avr25/libm.a(fp_pscA.o)
                              /usr/lib/gcc/avr/4.8.2/../../../avr/lib/avr25/libm.a(divsf3x.o) (__fp_pscA)
/usr/lib/gcc/avr/4.8.2/../../../avr/lib/avr25/libm.a(fp_pscB.o)
                              /usr/lib/gcc/avr/4.8.2/../../../avr/lib/avr25/libm.a(divsf3x.o) (__fp_pscB)
/usr/lib/gcc/avr/4.8.2/../../../avr/lib/avr25/libm.a(fp_round.o)
                              /usr/lib/gcc/avr/4.8.2/../../../avr/lib/avr25/libm.a(divsf3.o) (__fp_round)
/usr/lib/gcc/avr/4.8.2/../../../avr/lib/avr25/libm.a(fp_split3.o)
                              /usr/lib/gcc/avr/4.8.2/../../../avr/lib/avr25/libm.a(divsf3x.o) (__fp_split3)
/usr/lib/gcc/avr/4.8.2/../../../avr/lib/avr25/libm.a(fp_zero.o)
                              /usr/lib/gcc/avr/4.8.2/../../../avr/lib/avr25/libm.a(fixunssfsi.o) (__fp_zero)
/usr/lib/gcc/avr/4.8.2/../../../avr/lib/avr25/libm.a(gesf2.o)
                              main.o (__gesf2)
/usr/lib/gcc/avr/4.8.2/../../../avr/lib/avr25/libm.a(mulsf3.o)
                              main.o (__mulsf3)
/usr/lib/gcc/avr/4.8.2/../../../avr/lib/avr25/libm.a(mulsf3x.o)
                              /usr/lib/gcc/avr/4.8.2/../../../avr/lib/avr25/libm.a(mulsf3.o) (__mulsf3x)
/usr/lib/gcc/avr/4.8.2/avr25/libgcc.a(_udivmodsi4.o)
                              main.o (__udivmodsi4)
/usr/lib/gcc/avr/4.8.2/avr25/libgcc.a(_exit.o)
                              /usr/lib/gcc/avr/4.8.2/../../../avr/lib/avr25/crttn84.o (exit)
/usr/lib/gcc/avr/4.8.2/avr25/libgcc.a(_clear_bss.o)
                              main.o (__do_clear_bss)

Memory Configuration

Name             Origin             Length             Attributes
text             0x0000000000000000 0x0000000000002000 xr
data             0x0000000000800060 0x000000000000ffa0 rw !x
eeprom           0x0000000000810000 0x0000000000010000 rw !x
fuse             0x0000000000820000 0x0000000000000400 rw !x
lock             0x0000000000830000 0x0000000000000400 rw !x
signature        0x0000000000840000 0x0000000000000400 rw !x
user_signatures  0x0000000000850000 0x0000000000000400 rw !x
*default*        0x0000000000000000 0xffffffffffffffff

Linker script and memory map

LOAD /usr/lib/gcc/avr/4.8.2/../../../avr/lib/avr25/crttn84.o
LOAD main.o
LOAD /usr/lib/gcc/avr/4.8.2/../../../avr/lib/avr25/libm.a
START GROUP
LOAD /usr/lib/gcc/avr/4.8.2/avr25/libgcc.a
LOAD /usr/lib/gcc/avr/4.8.2/../../../avr/lib/avr25/libm.a
LOAD /usr/lib/gcc/avr/4.8.2/../../../avr/lib/avr25/libc.a
END GROUP

.hash
 *(.hash)

.dynsym
 *(.dynsym)

.dynstr
 *(.dynstr)

.gnu.version
 *(.gnu.version)

.gnu.version_d
 *(.gnu.version_d)

.gnu.version_r
 *(.gnu.version_r)

.rel.init
 *(.rel.init)

.rela.init
 *(.rela.init)

.rel.text
 *(.rel.text)
 *(.rel.text.*)
 *(.rel.gnu.linkonce.t*)

.rela.text
 *(.rela.text)
 *(.rela.text.*)
 *(.rela.gnu.linkonce.t*)

.rel.fini
 *(.rel.fini)

.rela.fini
 *(.rela.fini)

.rel.rodata
 *(.rel.rodata)
 *(.rel.rodata.*)
 *(.rel.gnu.linkonce.r*)

.rela.rodata
 *(.rela.rodata)
 *(.rela.rodata.*)
 *(.rela.gnu.linkonce.r*)

.rel.data
 *(.rel.data)
 *(.rel.data.*)
 *(.rel.gnu.linkonce.d*)

.rela.data
 *(.rela.data)
 *(.rela.data.*)
 *(.rela.gnu.linkonce.d*)

.rel.ctors
 *(.rel.ctors)

.rela.ctors
 *(.rela.ctors)

.rel.dtors
 *(.rel.dtors)

.rela.dtors
 *(.rela.dtors)

.rel.got
 *(.rel.got)

.rela.got
 *(.rela.got)

.rel.bss
 *(.rel.bss)

.rela.bss
 *(.rela.bss)

.rel.plt
 *(.rel.plt)

.rela.plt
 *(.rela.plt)

.text           0x0000000000000000      0x6da
 *(.vectors)
 .vectors       0x0000000000000000       0x22 /usr/lib/gcc/avr/4.8.2/../../../avr/lib/avr25/crttn84.o
                0x0000000000000000                __vectors
                0x0000000000000000                __vector_default
 *(.vectors)
 *(.progmem.gcc*)
 *(.progmem*)
                0x0000000000000022                . = ALIGN (0x2)
                0x0000000000000022                __trampolines_start = .
 *(.trampolines)
 .trampolines   0x0000000000000022        0x0 linker stubs
 *(.trampolines*)
                0x0000000000000022                __trampolines_end = .
 *(.jumptables)
 *(.jumptables*)
 *(.lowtext)
 *(.lowtext*)
                0x0000000000000022                __ctors_start = .
 *(.ctors)
                0x0000000000000022                __ctors_end = .
                0x0000000000000022                __dtors_start = .
 *(.dtors)
                0x0000000000000022                __dtors_end = .
 SORT(*)(.ctors)
 SORT(*)(.dtors)
 *(.init0)
 .init0         0x0000000000000022        0x0 /usr/lib/gcc/avr/4.8.2/../../../avr/lib/avr25/crttn84.o
                0x0000000000000022                __init
 *(.init0)
 *(.init1)
 *(.init1)
 *(.init2)
 .init2         0x0000000000000022        0xc /usr/lib/gcc/avr/4.8.2/../../../avr/lib/avr25/crttn84.o
 *(.init2)
 *(.init3)
 *(.init3)
 *(.init4)
 .init4         0x000000000000002e       0x10 /usr/lib/gcc/avr/4.8.2/avr25/libgcc.a(_clear_bss.o)
                0x000000000000002e                __do_clear_bss
 *(.init4)
 *(.init5)
 *(.init5)
 *(.init6)
 *(.init6)
 *(.init7)
 *(.init7)
 *(.init8)
 *(.init8)
 *(.init9)
 .init9         0x000000000000003e        0x4 /usr/lib/gcc/avr/4.8.2/../../../avr/lib/avr25/crttn84.o
 *(.init9)
 *(.text)
 .text          0x0000000000000042        0x2 /usr/lib/gcc/avr/4.8.2/../../../avr/lib/avr25/crttn84.o
                0x0000000000000042                __vector_1
                0x0000000000000042                __vector_12
                0x0000000000000042                __bad_interrupt
                0x0000000000000042                __vector_6
                0x0000000000000042                __vector_3
                0x0000000000000042                __vector_11
                0x0000000000000042                __vector_13
                0x0000000000000042                __vector_7
                0x0000000000000042                __vector_5
                0x0000000000000042                __vector_4
                0x0000000000000042                __vector_9
                0x0000000000000042                __vector_15
                0x0000000000000042                __vector_8
                0x0000000000000042                __vector_14
                0x0000000000000042                __vector_10
                0x0000000000000042                __vector_16
 .text          0x0000000000000044      0x180 main.o
                0x0000000000000044                __vector_2
                0x00000000000000f0                initADC
                0x00000000000000fa                readADC
                0x000000000000010e                initValues
                0x0000000000000122                storeNewADC
                0x0000000000000164                getAverage
                0x0000000000000190                initTimer0PWM
                0x00000000000001a6                initMotorDriverIO
                0x00000000000001b0                initPCInterrupts
 .text          0x00000000000001c4        0x0 /usr/lib/gcc/avr/4.8.2/../../../avr/lib/avr25/libm.a(cmpsf2.o)
 .text          0x00000000000001c4        0x0 /usr/lib/gcc/avr/4.8.2/../../../avr/lib/avr25/libm.a(divsf3.o)
 .text          0x00000000000001c4        0x0 /usr/lib/gcc/avr/4.8.2/../../../avr/lib/avr25/libm.a(divsf3x.o)
 .text          0x00000000000001c4        0x0 /usr/lib/gcc/avr/4.8.2/../../../avr/lib/avr25/libm.a(fixsfsi.o)
 .text          0x00000000000001c4        0x0 /usr/lib/gcc/avr/4.8.2/../../../avr/lib/avr25/libm.a(fixunssfsi.o)
 .text          0x00000000000001c4        0x0 /usr/lib/gcc/avr/4.8.2/../../../avr/lib/avr25/libm.a(floatsisf.o)
 .text          0x00000000000001c4        0x0 /usr/lib/gcc/avr/4.8.2/../../../avr/lib/avr25/libm.a(fp_cmp.o)
 .text          0x00000000000001c4        0x0 /usr/lib/gcc/avr/4.8.2/../../../avr/lib/avr25/libm.a(fp_inf.o)
 .text          0x00000000000001c4        0x0 /usr/lib/gcc/avr/4.8.2/../../../avr/lib/avr25/libm.a(fp_nan.o)
 .text          0x00000000000001c4        0x0 /usr/lib/gcc/avr/4.8.2/../../../avr/lib/avr25/libm.a(fp_pscA.o)
 .text          0x00000000000001c4        0x0 /usr/lib/gcc/avr/4.8.2/../../../avr/lib/avr25/libm.a(fp_pscB.o)
 .text          0x00000000000001c4        0x0 /usr/lib/gcc/avr/4.8.2/../../../avr/lib/avr25/libm.a(fp_round.o)
 .text          0x00000000000001c4        0x0 /usr/lib/gcc/avr/4.8.2/../../../avr/lib/avr25/libm.a(fp_split3.o)
 .text          0x00000000000001c4        0x0 /usr/lib/gcc/avr/4.8.2/../../../avr/lib/avr25/libm.a(fp_zero.o)
 .text          0x00000000000001c4        0x0 /usr/lib/gcc/avr/4.8.2/../../../avr/lib/avr25/libm.a(gesf2.o)
 .text          0x00000000000001c4        0x0 /usr/lib/gcc/avr/4.8.2/../../../avr/lib/avr25/libm.a(mulsf3.o)
 .text          0x00000000000001c4        0x0 /usr/lib/gcc/avr/4.8.2/../../../avr/lib/avr25/libm.a(mulsf3x.o)
 .text          0x00000000000001c4        0x0 /usr/lib/gcc/avr/4.8.2/avr25/libgcc.a(_udivmodsi4.o)
 .text          0x00000000000001c4        0x0 /usr/lib/gcc/avr/4.8.2/avr25/libgcc.a(_exit.o)
 .text          0x00000000000001c4        0x0 /usr/lib/gcc/avr/4.8.2/avr25/libgcc.a(_clear_bss.o)
                0x00000000000001c4                . = ALIGN (0x2)
 *(.text.*)
 .text.startup  0x00000000000001c4      0x152 main.o
                0x00000000000001c4                main
 .text.avr-libc.fplib
                0x0000000000000316        0x8 /usr/lib/gcc/avr/4.8.2/../../../avr/lib/avr25/libm.a(cmpsf2.o)
                0x0000000000000316                __lesf2
                0x0000000000000316                __nesf2
                0x0000000000000316                __eqsf2
                0x0000000000000316                __cmpsf2
                0x0000000000000316                __ltsf2
 .text.avr-libc.fplib
                0x000000000000031e        0x4 /usr/lib/gcc/avr/4.8.2/../../../avr/lib/avr25/libm.a(divsf3.o)
                0x000000000000031e                __divsf3
 .text.avr-libc.fplib
                0x0000000000000322       0xcc /usr/lib/gcc/avr/4.8.2/../../../avr/lib/avr25/libm.a(divsf3x.o)
                0x0000000000000338                __divsf3x
                0x000000000000033c                __divsf3_pse
 .text.avr-libc.fplib
                0x00000000000003ee        0xa /usr/lib/gcc/avr/4.8.2/../../../avr/lib/avr25/libm.a(fixsfsi.o)
                0x00000000000003ee                __fixsfsi
 .text.avr-libc.fplib
                0x00000000000003f8       0x58 /usr/lib/gcc/avr/4.8.2/../../../avr/lib/avr25/libm.a(fixunssfsi.o)
                0x00000000000003f8                __fixunssfsi
 .text.avr-libc.fplib
                0x0000000000000450       0x7a /usr/lib/gcc/avr/4.8.2/../../../avr/lib/avr25/libm.a(floatsisf.o)
                0x0000000000000450                __floatunsisf
                0x0000000000000454                __floatsisf
 .text.avr-libc.fplib
                0x00000000000004ca       0x48 /usr/lib/gcc/avr/4.8.2/../../../avr/lib/avr25/libm.a(fp_cmp.o)
                0x00000000000004ca                __fp_cmp
 .text.avr-libc.fplib
                0x0000000000000512        0xc /usr/lib/gcc/avr/4.8.2/../../../avr/lib/avr25/libm.a(fp_inf.o)
                0x0000000000000512                __fp_inf
 .text.avr-libc.fplib
                0x000000000000051e        0x6 /usr/lib/gcc/avr/4.8.2/../../../avr/lib/avr25/libm.a(fp_nan.o)
                0x000000000000051e                __fp_nan
 .text.avr-libc.fplib
                0x0000000000000524        0xe /usr/lib/gcc/avr/4.8.2/../../../avr/lib/avr25/libm.a(fp_pscA.o)
                0x0000000000000524                __fp_pscA
 .text.avr-libc.fplib
                0x0000000000000532        0xe /usr/lib/gcc/avr/4.8.2/../../../avr/lib/avr25/libm.a(fp_pscB.o)
                0x0000000000000532                __fp_pscB
 .text.avr-libc.fplib
                0x0000000000000540       0x22 /usr/lib/gcc/avr/4.8.2/../../../avr/lib/avr25/libm.a(fp_round.o)
                0x0000000000000540                __fp_round
 .text.avr-libc.fplib
                0x0000000000000562       0x44 /usr/lib/gcc/avr/4.8.2/../../../avr/lib/avr25/libm.a(fp_split3.o)
                0x0000000000000562                __fp_split3
                0x0000000000000572                __fp_splitA
 .text.avr-libc.fplib
                0x00000000000005a6        0xe /usr/lib/gcc/avr/4.8.2/../../../avr/lib/avr25/libm.a(fp_zero.o)
                0x00000000000005a6                __fp_zero
                0x00000000000005a8                __fp_szero
 .text.avr-libc.fplib
                0x00000000000005b4        0x8 /usr/lib/gcc/avr/4.8.2/../../../avr/lib/avr25/libm.a(gesf2.o)
                0x00000000000005b4                __gtsf2
                0x00000000000005b4                __gesf2
 .text.avr-libc.fplib
                0x00000000000005bc        0x4 /usr/lib/gcc/avr/4.8.2/../../../avr/lib/avr25/libm.a(mulsf3.o)
                0x00000000000005bc                __mulsf3
 .text.avr-libc.fplib
                0x00000000000005c0       0xd2 /usr/lib/gcc/avr/4.8.2/../../../avr/lib/avr25/libm.a(mulsf3x.o)
                0x00000000000005d2                __mulsf3x
                0x00000000000005d6                __mulsf3_pse
 .text.libgcc.mul
                0x0000000000000692        0x0 /usr/lib/gcc/avr/4.8.2/avr25/libgcc.a(_udivmodsi4.o)
 .text.libgcc.div
                0x0000000000000692       0x44 /usr/lib/gcc/avr/4.8.2/avr25/libgcc.a(_udivmodsi4.o)
                0x0000000000000692                __udivmodsi4
 .text.libgcc   0x00000000000006d6        0x0 /usr/lib/gcc/avr/4.8.2/avr25/libgcc.a(_udivmodsi4.o)
 .text.libgcc.prologue
                0x00000000000006d6        0x0 /usr/lib/gcc/avr/4.8.2/avr25/libgcc.a(_udivmodsi4.o)
 .text.libgcc.builtins
                0x00000000000006d6        0x0 /usr/lib/gcc/avr/4.8.2/avr25/libgcc.a(_udivmodsi4.o)
 .text.libgcc.fmul
                0x00000000000006d6        0x0 /usr/lib/gcc/avr/4.8.2/avr25/libgcc.a(_udivmodsi4.o)
 .text.libgcc.fixed
                0x00000000000006d6        0x0 /usr/lib/gcc/avr/4.8.2/avr25/libgcc.a(_udivmodsi4.o)
 .text.libgcc.mul
                0x00000000000006d6        0x0 /usr/lib/gcc/avr/4.8.2/avr25/libgcc.a(_exit.o)
 .text.libgcc.div
                0x00000000000006d6        0x0 /usr/lib/gcc/avr/4.8.2/avr25/libgcc.a(_exit.o)
 .text.libgcc   0x00000000000006d6        0x0 /usr/lib/gcc/avr/4.8.2/avr25/libgcc.a(_exit.o)
 .text.libgcc.prologue
                0x00000000000006d6        0x0 /usr/lib/gcc/avr/4.8.2/avr25/libgcc.a(_exit.o)
 .text.libgcc.builtins
                0x00000000000006d6        0x0 /usr/lib/gcc/avr/4.8.2/avr25/libgcc.a(_exit.o)
 .text.libgcc.fmul
                0x00000000000006d6        0x0 /usr/lib/gcc/avr/4.8.2/avr25/libgcc.a(_exit.o)
 .text.libgcc.fixed
                0x00000000000006d6        0x0 /usr/lib/gcc/avr/4.8.2/avr25/libgcc.a(_exit.o)
 .text.libgcc.mul
                0x00000000000006d6        0x0 /usr/lib/gcc/avr/4.8.2/avr25/libgcc.a(_clear_bss.o)
 .text.libgcc.div
                0x00000000000006d6        0x0 /usr/lib/gcc/avr/4.8.2/avr25/libgcc.a(_clear_bss.o)
 .text.libgcc   0x00000000000006d6        0x0 /usr/lib/gcc/avr/4.8.2/avr25/libgcc.a(_clear_bss.o)
 .text.libgcc.prologue
                0x00000000000006d6        0x0 /usr/lib/gcc/avr/4.8.2/avr25/libgcc.a(_clear_bss.o)
 .text.libgcc.builtins
                0x00000000000006d6        0x0 /usr/lib/gcc/avr/4.8.2/avr25/libgcc.a(_clear_bss.o)
 .text.libgcc.fmul
                0x00000000000006d6        0x0 /usr/lib/gcc/avr/4.8.2/avr25/libgcc.a(_clear_bss.o)
 .text.libgcc.fixed
                0x00000000000006d6        0x0 /usr/lib/gcc/avr/4.8.2/avr25/libgcc.a(_clear_bss.o)
                0x00000000000006d6                . = ALIGN (0x2)
 *(.fini9)
 .fini9         0x00000000000006d6        0x0 /usr/lib/gcc/avr/4.8.2/avr25/libgcc.a(_exit.o)
                0x00000000000006d6                exit
                0x00000000000006d6                _exit
 *(.fini9)
 *(.fini8)
 *(.fini8)
 *(.fini7)
 *(.fini7)
 *(.fini6)
 *(.fini6)
 *(.fini5)
 *(.fini5)
 *(.fini4)
 *(.fini4)
 *(.fini3)
 *(.fini3)
 *(.fini2)
 *(.fini2)
 *(.fini1)
 *(.fini1)
 *(.fini0)
 .fini0         0x00000000000006d6        0x4 /usr/lib/gcc/avr/4.8.2/avr25/libgcc.a(_exit.o)
 *(.fini0)
                0x00000000000006da                _etext = .

.data           0x0000000000800060        0x0 load address 0x00000000000006da
                0x0000000000800060                PROVIDE (__data_start, .)
 *(.data)
 .data          0x0000000000800060        0x0 /usr/lib/gcc/avr/4.8.2/../../../avr/lib/avr25/crttn84.o
 .data          0x0000000000800060        0x0 main.o
 .data          0x0000000000800060        0x0 /usr/lib/gcc/avr/4.8.2/../../../avr/lib/avr25/libm.a(cmpsf2.o)
 .data          0x0000000000800060        0x0 /usr/lib/gcc/avr/4.8.2/../../../avr/lib/avr25/libm.a(divsf3.o)
 .data          0x0000000000800060        0x0 /usr/lib/gcc/avr/4.8.2/../../../avr/lib/avr25/libm.a(divsf3x.o)
 .data          0x0000000000800060        0x0 /usr/lib/gcc/avr/4.8.2/../../../avr/lib/avr25/libm.a(fixsfsi.o)
 .data          0x0000000000800060        0x0 /usr/lib/gcc/avr/4.8.2/../../../avr/lib/avr25/libm.a(fixunssfsi.o)
 .data          0x0000000000800060        0x0 /usr/lib/gcc/avr/4.8.2/../../../avr/lib/avr25/libm.a(floatsisf.o)
 .data          0x0000000000800060        0x0 /usr/lib/gcc/avr/4.8.2/../../../avr/lib/avr25/libm.a(fp_cmp.o)
 .data          0x0000000000800060        0x0 /usr/lib/gcc/avr/4.8.2/../../../avr/lib/avr25/libm.a(fp_inf.o)
 .data          0x0000000000800060        0x0 /usr/lib/gcc/avr/4.8.2/../../../avr/lib/avr25/libm.a(fp_nan.o)
 .data          0x0000000000800060        0x0 /usr/lib/gcc/avr/4.8.2/../../../avr/lib/avr25/libm.a(fp_pscA.o)
 .data          0x0000000000800060        0x0 /usr/lib/gcc/avr/4.8.2/../../../avr/lib/avr25/libm.a(fp_pscB.o)
 .data          0x0000000000800060        0x0 /usr/lib/gcc/avr/4.8.2/../../../avr/lib/avr25/libm.a(fp_round.o)
 .data          0x0000000000800060        0x0 /usr/lib/gcc/avr/4.8.2/../../../avr/lib/avr25/libm.a(fp_split3.o)
 .data          0x0000000000800060        0x0 /usr/lib/gcc/avr/4.8.2/../../../avr/lib/avr25/libm.a(fp_zero.o)
 .data          0x0000000000800060        0x0 /usr/lib/gcc/avr/4.8.2/../../../avr/lib/avr25/libm.a(gesf2.o)
 .data          0x0000000000800060        0x0 /usr/lib/gcc/avr/4.8.2/../../../avr/lib/avr25/libm.a(mulsf3.o)
 .data          0x0000000000800060        0x0 /usr/lib/gcc/avr/4.8.2/../../../avr/lib/avr25/libm.a(mulsf3x.o)
 .data          0x0000000000800060        0x0 /usr/lib/gcc/avr/4.8.2/avr25/libgcc.a(_udivmodsi4.o)
 .data          0x0000000000800060        0x0 /usr/lib/gcc/avr/4.8.2/avr25/libgcc.a(_exit.o)
 .data          0x0000000000800060        0x0 /usr/lib/gcc/avr/4.8.2/avr25/libgcc.a(_clear_bss.o)
 *(.data*)
 *(.rodata)
 *(.rodata*)
 *(.gnu.linkonce.d*)
                0x0000000000800060                . = ALIGN (0x2)
                0x0000000000800060                _edata = .
                0x0000000000800060                PROVIDE (__data_end, .)

.bss            0x0000000000800060        0x6
                0x0000000000800060                PROVIDE (__bss_start, .)
 *(.bss)
 .bss           0x0000000000800060        0x0 /usr/lib/gcc/avr/4.8.2/../../../avr/lib/avr25/crttn84.o
 .bss           0x0000000000800060        0x6 main.o
                0x0000000000800060                pinpair
                0x0000000000800061                seqstore
                0x0000000000800062                encoderValue
 .bss           0x0000000000800066        0x0 /usr/lib/gcc/avr/4.8.2/../../../avr/lib/avr25/libm.a(cmpsf2.o)
 .bss           0x0000000000800066        0x0 /usr/lib/gcc/avr/4.8.2/../../../avr/lib/avr25/libm.a(divsf3.o)
 .bss           0x0000000000800066        0x0 /usr/lib/gcc/avr/4.8.2/../../../avr/lib/avr25/libm.a(divsf3x.o)
 .bss           0x0000000000800066        0x0 /usr/lib/gcc/avr/4.8.2/../../../avr/lib/avr25/libm.a(fixsfsi.o)
 .bss           0x0000000000800066        0x0 /usr/lib/gcc/avr/4.8.2/../../../avr/lib/avr25/libm.a(fixunssfsi.o)
 .bss           0x0000000000800066        0x0 /usr/lib/gcc/avr/4.8.2/../../../avr/lib/avr25/libm.a(floatsisf.o)
 .bss           0x0000000000800066        0x0 /usr/lib/gcc/avr/4.8.2/../../../avr/lib/avr25/libm.a(fp_cmp.o)
 .bss           0x0000000000800066        0x0 /usr/lib/gcc/avr/4.8.2/../../../avr/lib/avr25/libm.a(fp_inf.o)
 .bss           0x0000000000800066        0x0 /usr/lib/gcc/avr/4.8.2/../../../avr/lib/avr25/libm.a(fp_nan.o)
 .bss           0x0000000000800066        0x0 /usr/lib/gcc/avr/4.8.2/../../../avr/lib/avr25/libm.a(fp_pscA.o)
 .bss           0x0000000000800066        0x0 /usr/lib/gcc/avr/4.8.2/../../../avr/lib/avr25/libm.a(fp_pscB.o)
 .bss           0x0000000000800066        0x0 /usr/lib/gcc/avr/4.8.2/../../../avr/lib/avr25/libm.a(fp_round.o)
 .bss           0x0000000000800066        0x0 /usr/lib/gcc/avr/4.8.2/../../../avr/lib/avr25/libm.a(fp_split3.o)
 .bss           0x0000000000800066        0x0 /usr/lib/gcc/avr/4.8.2/../../../avr/lib/avr25/libm.a(fp_zero.o)
 .bss           0x0000000000800066        0x0 /usr/lib/gcc/avr/4.8.2/../../../avr/lib/avr25/libm.a(gesf2.o)
 .bss           0x0000000000800066        0x0 /usr/lib/gcc/avr/4.8.2/../../../avr/lib/avr25/libm.a(mulsf3.o)
 .bss           0x0000000000800066        0x0 /usr/lib/gcc/avr/4.8.2/../../../avr/lib/avr25/libm.a(mulsf3x.o)
 .bss           0x0000000000800066        0x0 /usr/lib/gcc/avr/4.8.2/avr25/libgcc.a(_udivmodsi4.o)
 .bss           0x0000000000800066        0x0 /usr/lib/gcc/avr/4.8.2/avr25/libgcc.a(_exit.o)
 .bss           0x0000000000800066        0x0 /usr/lib/gcc/avr/4.8.2/avr25/libgcc.a(_clear_bss.o)
 *(.bss*)
 *(COMMON)
                0x0000000000800066                PROVIDE (__bss_end, .)
                0x00000000000006da                __data_load_start = LOADADDR (.data)
                0x00000000000006da                __data_load_end = (__data_load_start + SIZEOF (.data))

.noinit         0x0000000000800066        0x0
                0x0000000000800066                PROVIDE (__noinit_start, .)
 *(.noinit*)
                0x0000000000800066                PROVIDE (__noinit_end, .)
                0x0000000000800066                _end = .
                0x0000000000800066                PROVIDE (__heap_start, .)

.eeprom         0x0000000000810000        0x0
 *(.eeprom*)
                0x0000000000810000                __eeprom_end = .

.fuse
 *(.fuse)
 *(.lfuse)
 *(.hfuse)
 *(.efuse)

.lock
 *(.lock*)

.signature
 *(.signature*)

.user_signatures
 *(.user_signatures*)

.stab           0x0000000000000000     0x2c34
 *(.stab)
 .stab          0x0000000000000000      0x6cc /usr/lib/gcc/avr/4.8.2/../../../avr/lib/avr25/crttn84.o
 .stab          0x00000000000006cc      0xcc0 main.o
                                        0xccc (size before relaxing)
 .stab          0x000000000000138c       0x90 /usr/lib/gcc/avr/4.8.2/../../../avr/lib/avr25/libm.a(cmpsf2.o)
                                         0x9c (size before relaxing)
 .stab          0x000000000000141c       0x48 /usr/lib/gcc/avr/4.8.2/../../../avr/lib/avr25/libm.a(divsf3.o)
                                         0x54 (size before relaxing)
 .stab          0x0000000000001464      0x510 /usr/lib/gcc/avr/4.8.2/../../../avr/lib/avr25/libm.a(divsf3x.o)
                                        0x51c (size before relaxing)
 .stab          0x0000000000001974       0x6c /usr/lib/gcc/avr/4.8.2/../../../avr/lib/avr25/libm.a(fixsfsi.o)
                                         0x78 (size before relaxing)
 .stab          0x00000000000019e0      0x240 /usr/lib/gcc/avr/4.8.2/../../../avr/lib/avr25/libm.a(fixunssfsi.o)
                                        0x24c (size before relaxing)
 .stab          0x0000000000001c20      0x318 /usr/lib/gcc/avr/4.8.2/../../../avr/lib/avr25/libm.a(floatsisf.o)
                                        0x324 (size before relaxing)
 .stab          0x0000000000001f38      0x1e0 /usr/lib/gcc/avr/4.8.2/../../../avr/lib/avr25/libm.a(fp_cmp.o)
                                        0x1ec (size before relaxing)
 .stab          0x0000000000002118       0x78 /usr/lib/gcc/avr/4.8.2/../../../avr/lib/avr25/libm.a(fp_inf.o)
                                         0x84 (size before relaxing)
 .stab          0x0000000000002190       0x54 /usr/lib/gcc/avr/4.8.2/../../../avr/lib/avr25/libm.a(fp_nan.o)
                                         0x60 (size before relaxing)
 .stab          0x00000000000021e4       0x84 /usr/lib/gcc/avr/4.8.2/../../../avr/lib/avr25/libm.a(fp_pscA.o)
                                         0x90 (size before relaxing)
 .stab          0x0000000000002268       0x84 /usr/lib/gcc/avr/4.8.2/../../../avr/lib/avr25/libm.a(fp_pscB.o)
                                         0x90 (size before relaxing)
 .stab          0x00000000000022ec       0xfc /usr/lib/gcc/avr/4.8.2/../../../avr/lib/avr25/libm.a(fp_round.o)
                                        0x108 (size before relaxing)
 .stab          0x00000000000023e8      0x1d4 /usr/lib/gcc/avr/4.8.2/../../../avr/lib/avr25/libm.a(fp_split3.o)
                                        0x1e0 (size before relaxing)
 .stab          0x00000000000025bc       0x90 /usr/lib/gcc/avr/4.8.2/../../../avr/lib/avr25/libm.a(fp_zero.o)
                                         0x9c (size before relaxing)
 .stab          0x000000000000264c       0x6c /usr/lib/gcc/avr/4.8.2/../../../avr/lib/avr25/libm.a(gesf2.o)
                                         0x78 (size before relaxing)
 .stab          0x00000000000026b8       0x48 /usr/lib/gcc/avr/4.8.2/../../../avr/lib/avr25/libm.a(mulsf3.o)
                                         0x54 (size before relaxing)
 .stab          0x0000000000002700      0x534 /usr/lib/gcc/avr/4.8.2/../../../avr/lib/avr25/libm.a(mulsf3x.o)
                                        0x540 (size before relaxing)

.stabstr        0x0000000000000000     0x1307
 *(.stabstr)
 .stabstr       0x0000000000000000     0x1307 /usr/lib/gcc/avr/4.8.2/../../../avr/lib/avr25/crttn84.o

.stab.excl
 *(.stab.excl)

.stab.exclstr
 *(.stab.exclstr)

.stab.index
 *(.stab.index)

.stab.indexstr
 *(.stab.indexstr)

.comment        0x0000000000000000       0x11
 *(.comment)
 .comment       0x0000000000000000       0x11 main.o
                                         0x12 (size before relaxing)

.debug
 *(.debug)

.line
 *(.line)

.debug_srcinfo
 *(.debug_srcinfo)

.debug_sfnames
 *(.debug_sfnames)

.debug_aranges
 *(.debug_aranges)

.debug_pubnames
 *(.debug_pubnames)

.debug_info
 *(.debug_info)
 *(.gnu.linkonce.wi.*)

.debug_abbrev
 *(.debug_abbrev)

.debug_line
 *(.debug_line)

.debug_frame
 *(.debug_frame)

.debug_str
 *(.debug_str)

.debug_loc
 *(.debug_loc)

.debug_macinfo
 *(.debug_macinfo)

.debug_pubtypes
 *(.debug_pubtypes)

.debug_ranges
 *(.debug_ranges)

.debug_macro
 *(.debug_macro)
OUTPUT(main.elf elf32-avr)
LOAD linker stubs

Cross Reference Table

Symbol                                            File
__bad_interrupt                                   /usr/lib/gcc/avr/4.8.2/../../../avr/lib/avr25/crttn84.o
__bss_end                                         /usr/lib/gcc/avr/4.8.2/avr25/libgcc.a(_clear_bss.o)
__bss_start                                       /usr/lib/gcc/avr/4.8.2/avr25/libgcc.a(_clear_bss.o)
__cmpsf2                                          /usr/lib/gcc/avr/4.8.2/../../../avr/lib/avr25/libm.a(cmpsf2.o)
__divsf3                                          /usr/lib/gcc/avr/4.8.2/../../../avr/lib/avr25/libm.a(divsf3.o)
                                                  main.o
__divsf3_pse                                      /usr/lib/gcc/avr/4.8.2/../../../avr/lib/avr25/libm.a(divsf3x.o)
__divsf3x                                         /usr/lib/gcc/avr/4.8.2/../../../avr/lib/avr25/libm.a(divsf3x.o)
                                                  /usr/lib/gcc/avr/4.8.2/../../../avr/lib/avr25/libm.a(divsf3.o)
__do_clear_bss                                    /usr/lib/gcc/avr/4.8.2/avr25/libgcc.a(_clear_bss.o)
                                                  main.o
__eqsf2                                           /usr/lib/gcc/avr/4.8.2/../../../avr/lib/avr25/libm.a(cmpsf2.o)
__fixsfsi                                         /usr/lib/gcc/avr/4.8.2/../../../avr/lib/avr25/libm.a(fixsfsi.o)
                                                  main.o
__fixunssfsi                                      /usr/lib/gcc/avr/4.8.2/../../../avr/lib/avr25/libm.a(fixunssfsi.o)
                                                  /usr/lib/gcc/avr/4.8.2/../../../avr/lib/avr25/libm.a(fixsfsi.o)
                                                  main.o
__floatsisf                                       /usr/lib/gcc/avr/4.8.2/../../../avr/lib/avr25/libm.a(floatsisf.o)
                                                  main.o
__floatunsisf                                     /usr/lib/gcc/avr/4.8.2/../../../avr/lib/avr25/libm.a(floatsisf.o)
                                                  main.o
__fp_cmp                                          /usr/lib/gcc/avr/4.8.2/../../../avr/lib/avr25/libm.a(fp_cmp.o)
                                                  /usr/lib/gcc/avr/4.8.2/../../../avr/lib/avr25/libm.a(gesf2.o)
                                                  /usr/lib/gcc/avr/4.8.2/../../../avr/lib/avr25/libm.a(cmpsf2.o)
__fp_inf                                          /usr/lib/gcc/avr/4.8.2/../../../avr/lib/avr25/libm.a(fp_inf.o)
                                                  /usr/lib/gcc/avr/4.8.2/../../../avr/lib/avr25/libm.a(mulsf3x.o)
                                                  /usr/lib/gcc/avr/4.8.2/../../../avr/lib/avr25/libm.a(divsf3x.o)
__fp_nan                                          /usr/lib/gcc/avr/4.8.2/../../../avr/lib/avr25/libm.a(fp_nan.o)
                                                  /usr/lib/gcc/avr/4.8.2/../../../avr/lib/avr25/libm.a(mulsf3x.o)
                                                  /usr/lib/gcc/avr/4.8.2/../../../avr/lib/avr25/libm.a(divsf3x.o)
__fp_pscA                                         /usr/lib/gcc/avr/4.8.2/../../../avr/lib/avr25/libm.a(fp_pscA.o)
                                                  /usr/lib/gcc/avr/4.8.2/../../../avr/lib/avr25/libm.a(mulsf3x.o)
                                                  /usr/lib/gcc/avr/4.8.2/../../../avr/lib/avr25/libm.a(divsf3x.o)
__fp_pscB                                         /usr/lib/gcc/avr/4.8.2/../../../avr/lib/avr25/libm.a(fp_pscB.o)
                                                  /usr/lib/gcc/avr/4.8.2/../../../avr/lib/avr25/libm.a(mulsf3x.o)
                                                  /usr/lib/gcc/avr/4.8.2/../../../avr/lib/avr25/libm.a(divsf3x.o)
__fp_round                                        /usr/lib/gcc/avr/4.8.2/../../../avr/lib/avr25/libm.a(fp_round.o)
                                                  /usr/lib/gcc/avr/4.8.2/../../../avr/lib/avr25/libm.a(mulsf3.o)
                                                  /usr/lib/gcc/avr/4.8.2/../../../avr/lib/avr25/libm.a(divsf3.o)
__fp_split3                                       /usr/lib/gcc/avr/4.8.2/../../../avr/lib/avr25/libm.a(fp_split3.o)
                                                  /usr/lib/gcc/avr/4.8.2/../../../avr/lib/avr25/libm.a(mulsf3x.o)
                                                  /usr/lib/gcc/avr/4.8.2/../../../avr/lib/avr25/libm.a(divsf3x.o)
__fp_splitA                                       /usr/lib/gcc/avr/4.8.2/../../../avr/lib/avr25/libm.a(fp_split3.o)
                                                  /usr/lib/gcc/avr/4.8.2/../../../avr/lib/avr25/libm.a(fixunssfsi.o)
__fp_szero                                        /usr/lib/gcc/avr/4.8.2/../../../avr/lib/avr25/libm.a(fp_zero.o)
                                                  /usr/lib/gcc/avr/4.8.2/../../../avr/lib/avr25/libm.a(mulsf3x.o)
                                                  /usr/lib/gcc/avr/4.8.2/../../../avr/lib/avr25/libm.a(fixsfsi.o)
                                                  /usr/lib/gcc/avr/4.8.2/../../../avr/lib/avr25/libm.a(divsf3x.o)
__fp_zero                                         /usr/lib/gcc/avr/4.8.2/../../../avr/lib/avr25/libm.a(fp_zero.o)
                                                  /usr/lib/gcc/avr/4.8.2/../../../avr/lib/avr25/libm.a(fixunssfsi.o)
__gesf2                                           /usr/lib/gcc/avr/4.8.2/../../../avr/lib/avr25/libm.a(gesf2.o)
                                                  main.o
__gtsf2                                           /usr/lib/gcc/avr/4.8.2/../../../avr/lib/avr25/libm.a(gesf2.o)
                                                  main.o
__heap_end                                        /usr/lib/gcc/avr/4.8.2/../../../avr/lib/avr25/crttn84.o
__init                                            /usr/lib/gcc/avr/4.8.2/../../../avr/lib/avr25/crttn84.o
__lesf2                                           /usr/lib/gcc/avr/4.8.2/../../../avr/lib/avr25/libm.a(cmpsf2.o)
                                                  main.o
__ltsf2                                           /usr/lib/gcc/avr/4.8.2/../../../avr/lib/avr25/libm.a(cmpsf2.o)
                                                  main.o
__mulsf3                                          /usr/lib/gcc/avr/4.8.2/../../../avr/lib/avr25/libm.a(mulsf3.o)
                                                  main.o
__mulsf3_pse                                      /usr/lib/gcc/avr/4.8.2/../../../avr/lib/avr25/libm.a(mulsf3x.o)
__mulsf3x                                         /usr/lib/gcc/avr/4.8.2/../../../avr/lib/avr25/libm.a(mulsf3x.o)
                                                  /usr/lib/gcc/avr/4.8.2/../../../avr/lib/avr25/libm.a(mulsf3.o)
__nesf2                                           /usr/lib/gcc/avr/4.8.2/../../../avr/lib/avr25/libm.a(cmpsf2.o)
__stack                                           /usr/lib/gcc/avr/4.8.2/../../../avr/lib/avr25/crttn84.o
__udivmodsi4                                      /usr/lib/gcc/avr/4.8.2/avr25/libgcc.a(_udivmodsi4.o)
                                                  main.o
__vector_1                                        /usr/lib/gcc/avr/4.8.2/../../../avr/lib/avr25/crttn84.o
__vector_10                                       /usr/lib/gcc/avr/4.8.2/../../../avr/lib/avr25/crttn84.o
__vector_11                                       /usr/lib/gcc/avr/4.8.2/../../../avr/lib/avr25/crttn84.o
__vector_12                                       /usr/lib/gcc/avr/4.8.2/../../../avr/lib/avr25/crttn84.o
__vector_13                                       /usr/lib/gcc/avr/4.8.2/../../../avr/lib/avr25/crttn84.o
__vector_14                                       /usr/lib/gcc/avr/4.8.2/../../../avr/lib/avr25/crttn84.o
__vector_15                                       /usr/lib/gcc/avr/4.8.2/../../../avr/lib/avr25/crttn84.o
__vector_16                                       /usr/lib/gcc/avr/4.8.2/../../../avr/lib/avr25/crttn84.o
__vector_2                                        main.o
                                                  /usr/lib/gcc/avr/4.8.2/../../../avr/lib/avr25/crttn84.o
__vector_3                                        /usr/lib/gcc/avr/4.8.2/../../../avr/lib/avr25/crttn84.o
__vector_4                                        /usr/lib/gcc/avr/4.8.2/../../../avr/lib/avr25/crttn84.o
__vector_5                                        /usr/lib/gcc/avr/4.8.2/../../../avr/lib/avr25/crttn84.o
__vector_6                                        /usr/lib/gcc/avr/4.8.2/../../../avr/lib/avr25/crttn84.o
__vector_7                                        /usr/lib/gcc/avr/4.8.2/../../../avr/lib/avr25/crttn84.o
__vector_8                                        /usr/lib/gcc/avr/4.8.2/../../../avr/lib/avr25/crttn84.o
__vector_9                                        /usr/lib/gcc/avr/4.8.2/../../../avr/lib/avr25/crttn84.o
__vector_default                                  /usr/lib/gcc/avr/4.8.2/../../../avr/lib/avr25/crttn84.o
__vectors                                         /usr/lib/gcc/avr/4.8.2/../../../avr/lib/avr25/crttn84.o
_exit                                             /usr/lib/gcc/avr/4.8.2/avr25/libgcc.a(_exit.o)
encoderValue                                      main.o
exit                                              /usr/lib/gcc/avr/4.8.2/avr25/libgcc.a(_exit.o)
                                                  /usr/lib/gcc/avr/4.8.2/../../../avr/lib/avr25/crttn84.o
getAverage                                        main.o
initADC                                           main.o
initMotorDriverIO                                 main.o
initPCInterrupts                                  main.o
initTimer0PWM                                     main.o
initValues                                        main.o
main                                              main.o
                                                  /usr/lib/gcc/avr/4.8.2/../../../avr/lib/avr25/crttn84.o
pinpair                                           main.o
readADC                                           main.o
seqstore                                          main.o
storeNewADC                                       main.o
